###############################################################################
#
# IAR C/C++ Compiler V9.30.1.3056 for 8051                28/Aug/2016  20:48:31
# Copyright 2004-2015 IAR Systems AB.
#
#    Core               =  plain
#    Code model         =  banked
#    Data model         =  large
#    Calling convention =  xdata reentrant
#    Constant location  =  data_rom
#    Dptr setup         =  1,16
#                          
#    Source file        =  
#        C:\Texas Instruments\Z-Stack Home
#        1.2.2a.44539\Projects\zstack\HomeAutomation\Source\zcl_ha.c
#    Command line       =  
#        -f "C:\Texas Instruments\Z-Stack Home
#        1.2.2a.44539\Projects\zstack\HomeAutomation\Zigbee-HomeAutomatic\CC2530DB\..\..\..\Tools\CC2530DB\f8wCoord.cfg"
#        (-DCPU32MHZ -DROOT=__near_func -DMAC_CFG_APP_PENDING_QUEUE=TRUE
#        -DMAC_CFG_TX_DATA_MAX=5 -DMAC_CFG_TX_MAX=8 -DMAC_CFG_RX_MAX=5
#        -DZDO_COORDINATOR -DRTR_NWK) -f "C:\Texas Instruments\Z-Stack Home
#        1.2.2a.44539\Projects\zstack\HomeAutomation\Zigbee-HomeAutomatic\CC2530DB\..\..\..\Tools\CC2530DB\f8wConfig.cfg"
#        (-DZIGBEEPRO -DSECURE=1 -DZG_SECURE_DYNAMIC=0 -DREFLECTOR
#        -DDEFAULT_CHANLIST=0x00000800 -DZDAPP_CONFIG_PAN_ID=0xFFFF
#        -DNWK_START_DELAY=100 -DEXTENDED_JOINING_RANDOM_MASK=0x007F
#        -DBEACON_REQUEST_DELAY=100 -DBEACON_REQ_DELAY_MASK=0x00FF
#        -DLINK_STATUS_JITTER_MASK=0x007F -DROUTE_EXPIRY_TIME=30
#        -DAPSC_ACK_WAIT_DURATION_POLLED=3000 -DNWK_INDIRECT_MSG_TIMEOUT=7
#        -DMAX_RREQ_ENTRIES=8 -DAPSC_MAX_FRAME_RETRIES=3
#        -DNWK_MAX_DATA_RETRIES=2 -DMAX_POLL_FAILURE_RETRIES=2 -DMAX_BCAST=9
#        -DAPS_MAX_GROUPS=16 -DMAX_RTG_ENTRIES=40 -DNWK_MAX_BINDING_ENTRIES=4
#        -DMAX_BINDING_CLUSTER_IDS=4 "-DDEFAULT_KEY={0x01, 0x03, 0x05, 0x07,
#        0x09, 0x0B, 0x0D, 0x0F, 0x00, 0x02, 0x04, 0x06, 0x08, 0x0A, 0x0C,
#        0x0D}" -DMAC_MAX_FRAME_SIZE=116 -DZDNWKMGR_MIN_TRANSMISSIONS=20
#        "-DCONST=const __code" -DGENERIC=__generic -DRFD_RCVC_ALWAYS_ON=FALSE
#        -DPOLL_RATE=1000 -DQUEUED_POLL_RATE=100 -DRESPONSE_POLL_RATE=100
#        -DREJOIN_POLL_RATE=440 -DREJOIN_BACKOFF=900000 -DREJOIN_SCAN=900000)
#        -f "C:\Texas Instruments\Z-Stack Home
#        1.2.2a.44539\Projects\zstack\HomeAutomation\Zigbee-HomeAutomatic\CC2530DB\..\..\..\Tools\CC2530DB\f8wZCL.cfg"
#        "C:\Texas Instruments\Z-Stack Home
#        1.2.2a.44539\Projects\zstack\HomeAutomation\Source\zcl_ha.c" -D
#        SECURE=1 -D TC_LINKKEY_JOIN -D NV_INIT -D NV_RESTORE -D
#        HOLD_AUTO_START -D BUILD_ALL_DEVICES -D HAL_UART=TRUE -D xZTOOL_P1 -D
#        xMT_TASK -D xMT_APP_FUNC -D xMT_SYS_FUNC -D xMT_ZDO_FUNC -D
#        xLCD_SUPPORTED=DEBUG -D MULTICAST_ENABLED=FALSE -D ZCL_READ -D
#        ZCL_WRITE -D ZCL_REPORT -D ZCL_EZMODE -D ZCL_BASIC -D ZCL_IDENTIFY -D
#        ZCL_ON_OFF -D ZCL_SCENES -D ZCL_GROUPS -D xZCL_LEVEL_CTRL -D
#        ZCL_DIAGNOSTIC -D FEATURE_SYSTEM_STATS -D
#        DEVICE_LOGICAL_TYPE=ZG_DEVICETYPE_COORDINATOR -lC "C:\Texas
#        Instruments\Z-Stack Home
#        1.2.2a.44539\Projects\zstack\HomeAutomation\Zigbee-HomeAutomatic\CC2530DB\CoordinatorEB\List"
#        -lA "C:\Texas Instruments\Z-Stack Home
#        1.2.2a.44539\Projects\zstack\HomeAutomation\Zigbee-HomeAutomatic\CC2530DB\CoordinatorEB\List"
#        --diag_suppress Pe001,Pa010 -o "C:\Texas Instruments\Z-Stack Home
#        1.2.2a.44539\Projects\zstack\HomeAutomation\Zigbee-HomeAutomatic\CC2530DB\CoordinatorEB\Obj"
#        -e --debug --core=plain --dptr=16,1 --data_model=large
#        --code_model=banked --calling_convention=xdata_reentrant
#        --place_constants=data_rom --nr_virtual_regs 16 -I "C:\Texas
#        Instruments\Z-Stack Home
#        1.2.2a.44539\Projects\zstack\HomeAutomation\Zigbee-HomeAutomatic\CC2530DB\"
#        -I "C:\Texas Instruments\Z-Stack Home
#        1.2.2a.44539\Projects\zstack\HomeAutomation\Zigbee-HomeAutomatic\CC2530DB\..\Source\"
#        -I "C:\Texas Instruments\Z-Stack Home
#        1.2.2a.44539\Projects\zstack\HomeAutomation\Zigbee-HomeAutomatic\CC2530DB\..\..\Source\"
#        -I "C:\Texas Instruments\Z-Stack Home
#        1.2.2a.44539\Projects\zstack\HomeAutomation\Zigbee-HomeAutomatic\CC2530DB\..\..\..\ZMain\TI2530DB\"
#        -I "C:\Texas Instruments\Z-Stack Home
#        1.2.2a.44539\Projects\zstack\HomeAutomation\Zigbee-HomeAutomatic\CC2530DB\..\..\..\..\..\Components\hal\include\"
#        -I "C:\Texas Instruments\Z-Stack Home
#        1.2.2a.44539\Projects\zstack\HomeAutomation\Zigbee-HomeAutomatic\CC2530DB\..\..\..\..\..\Components\hal\target\CC2530EB\"
#        -I "C:\Texas Instruments\Z-Stack Home
#        1.2.2a.44539\Projects\zstack\HomeAutomation\Zigbee-HomeAutomatic\CC2530DB\..\..\..\..\..\Components\mac\include\"
#        -I "C:\Texas Instruments\Z-Stack Home
#        1.2.2a.44539\Projects\zstack\HomeAutomation\Zigbee-HomeAutomatic\CC2530DB\..\..\..\..\..\Components\mac\high_level\"
#        -I "C:\Texas Instruments\Z-Stack Home
#        1.2.2a.44539\Projects\zstack\HomeAutomation\Zigbee-HomeAutomatic\CC2530DB\..\..\..\..\..\Components\mac\low_level\srf04\"
#        -I "C:\Texas Instruments\Z-Stack Home
#        1.2.2a.44539\Projects\zstack\HomeAutomation\Zigbee-HomeAutomatic\CC2530DB\..\..\..\..\..\Components\mac\low_level\srf04\single_chip\"
#        -I "C:\Texas Instruments\Z-Stack Home
#        1.2.2a.44539\Projects\zstack\HomeAutomation\Zigbee-HomeAutomatic\CC2530DB\..\..\..\..\..\Components\mt\"
#        -I "C:\Texas Instruments\Z-Stack Home
#        1.2.2a.44539\Projects\zstack\HomeAutomation\Zigbee-HomeAutomatic\CC2530DB\..\..\..\..\..\Components\osal\include\"
#        -I "C:\Texas Instruments\Z-Stack Home
#        1.2.2a.44539\Projects\zstack\HomeAutomation\Zigbee-HomeAutomatic\CC2530DB\..\..\..\..\..\Components\services\saddr\"
#        -I "C:\Texas Instruments\Z-Stack Home
#        1.2.2a.44539\Projects\zstack\HomeAutomation\Zigbee-HomeAutomatic\CC2530DB\..\..\..\..\..\Components\services\sdata\"
#        -I "C:\Texas Instruments\Z-Stack Home
#        1.2.2a.44539\Projects\zstack\HomeAutomation\Zigbee-HomeAutomatic\CC2530DB\..\..\..\..\..\Components\stack\af\"
#        -I "C:\Texas Instruments\Z-Stack Home
#        1.2.2a.44539\Projects\zstack\HomeAutomation\Zigbee-HomeAutomatic\CC2530DB\..\..\..\..\..\Components\stack\nwk\"
#        -I "C:\Texas Instruments\Z-Stack Home
#        1.2.2a.44539\Projects\zstack\HomeAutomation\Zigbee-HomeAutomatic\CC2530DB\..\..\..\..\..\Components\stack\sapi\"
#        -I "C:\Texas Instruments\Z-Stack Home
#        1.2.2a.44539\Projects\zstack\HomeAutomation\Zigbee-HomeAutomatic\CC2530DB\..\..\..\..\..\Components\stack\sec\"
#        -I "C:\Texas Instruments\Z-Stack Home
#        1.2.2a.44539\Projects\zstack\HomeAutomation\Zigbee-HomeAutomatic\CC2530DB\..\..\..\..\..\Components\stack\sys\"
#        -I "C:\Texas Instruments\Z-Stack Home
#        1.2.2a.44539\Projects\zstack\HomeAutomation\Zigbee-HomeAutomatic\CC2530DB\..\..\..\..\..\Components\stack\zcl\"
#        -I "C:\Texas Instruments\Z-Stack Home
#        1.2.2a.44539\Projects\zstack\HomeAutomation\Zigbee-HomeAutomatic\CC2530DB\..\..\..\..\..\Components\stack\zdo\"
#        -I "C:\Texas Instruments\Z-Stack Home
#        1.2.2a.44539\Projects\zstack\HomeAutomation\Zigbee-HomeAutomatic\CC2530DB\..\..\..\..\..\Components\zmac\"
#        -I "C:\Texas Instruments\Z-Stack Home
#        1.2.2a.44539\Projects\zstack\HomeAutomation\Zigbee-HomeAutomatic\CC2530DB\..\..\..\..\..\Components\zmac\f8w\"
#        -Ohz
#    List file          =  
#        C:\Texas Instruments\Z-Stack Home
#        1.2.2a.44539\Projects\zstack\HomeAutomation\Zigbee-HomeAutomatic\CC2530DB\CoordinatorEB\List\zcl_ha.lst
#    Object file        =  
#        C:\Texas Instruments\Z-Stack Home
#        1.2.2a.44539\Projects\zstack\HomeAutomation\Zigbee-HomeAutomatic\CC2530DB\CoordinatorEB\Obj\zcl_ha.r51
#
###############################################################################

C:\Texas Instruments\Z-Stack Home 1.2.2a.44539\Projects\zstack\HomeAutomation\Source\zcl_ha.c
      1          /**************************************************************************************************
      2            Filename:       zcl_ha.c
      3            Revised:        $Date: 2009-12-22 17:20:57 -0800 (Tue, 22 Dec 2009) $
      4            Revision:       $Revision: 21402 $
      5          
      6            Description:    Describe the purpose and contents of the file.
      7          
      8          
      9            Copyright 2006-2007 Texas Instruments Incorporated. All rights reserved.
     10          
     11            IMPORTANT: Your use of this Software is limited to those specific rights
     12            granted under the terms of a software license agreement between the user
     13            who downloaded the software, his/her employer (which must be your employer)
     14            and Texas Instruments Incorporated (the "License").  You may not use this
     15            Software unless you agree to abide by the terms of the License. The License
     16            limits your use, and you acknowledge, that the Software may not be modified,
     17            copied or distributed unless embedded on a Texas Instruments microcontroller
     18            or used solely and exclusively in conjunction with a Texas Instruments radio
     19            frequency transceiver, which is integrated into your product.  Other than for
     20            the foregoing purpose, you may not use, reproduce, copy, prepare derivative
     21            works of, modify, distribute, perform, display or sell this Software and/or
     22            its documentation for any purpose.
     23          
     24            YOU FURTHER ACKNOWLEDGE AND AGREE THAT THE SOFTWARE AND DOCUMENTATION ARE
     25            PROVIDED “AS IS” WITHOUT WARRANTY OF ANY KIND, EITHER EXPRESS OR IMPLIED, 
     26            INCLUDING WITHOUT LIMITATION, ANY WARRANTY OF MERCHANTABILITY, TITLE, 
     27            NON-INFRINGEMENT AND FITNESS FOR A PARTICULAR PURPOSE. IN NO EVENT SHALL
     28            TEXAS INSTRUMENTS OR ITS LICENSORS BE LIABLE OR OBLIGATED UNDER CONTRACT,
     29            NEGLIGENCE, STRICT LIABILITY, CONTRIBUTION, BREACH OF WARRANTY, OR OTHER
     30            LEGAL EQUITABLE THEORY ANY DIRECT OR INDIRECT DAMAGES OR EXPENSES
     31            INCLUDING BUT NOT LIMITED TO ANY INCIDENTAL, SPECIAL, INDIRECT, PUNITIVE
     32            OR CONSEQUENTIAL DAMAGES, LOST PROFITS OR LOST DATA, COST OF PROCUREMENT
     33            OF SUBSTITUTE GOODS, TECHNOLOGY, SERVICES, OR ANY CLAIMS BY THIRD PARTIES
     34            (INCLUDING BUT NOT LIMITED TO ANY DEFENSE THEREOF), OR OTHER SIMILAR COSTS.
     35          
     36            Should you have any questions regarding your right to use this Software,
     37            contact Texas Instruments Incorporated at www.TI.com. 
     38          **************************************************************************************************/
     39          
     40          /*********************************************************************
     41           * INCLUDES
     42           */
     43          #include "ZComDef.h"
     44          #include "OSAL.h"
     45          
     46          #include "zcl.h"
     47          #include "zcl_general.h"
     48          #include "zcl_closures.h"
     49          #include "zcl_HVAC.h"
     50          #include "zcl_ss.h"
     51          #include "zcl_ms.h"
     52          #include "zcl_lighting.h"
     53          #include "zcl_ha.h"
     54          
     55          /*********************************************************************
     56           * MACROS
     57           */
     58          
     59          /*********************************************************************
     60           * CONSTANTS
     61           */
     62          
     63          /*********************************************************************
     64           * TYPEDEFS
     65           */
     66          
     67          /*********************************************************************
     68           * GLOBAL VARIABLES
     69           */
     70          
     71          /*********************************************************************
     72           * EXTERNAL VARIABLES
     73           */
     74          
     75          /*********************************************************************
     76           * EXTERNAL FUNCTIONS
     77           */
     78          
     79          /*********************************************************************
     80           * LOCAL VARIABLES
     81           */
     82          
     83          /*********************************************************************
     84           * LOCAL FUNCTIONS
     85           */
     86          
     87          /*********************************************************************
     88           * @fn      zclHA_Init
     89           *
     90           * @brief   Register the Simple descriptor with the HA profile.
     91           *          This function also registers the profile's cluster
     92           *          conversion table.
     93           *
     94           * @param   simpleDesc - a pointer to a valid SimpleDescriptionFormat_t, must not be NULL.
     95           *
     96           * @return  none
     97           */

   \                                 In  segment BANKED_CODE, align 1, keep-with-next
     98          void zclHA_Init( SimpleDescriptionFormat_t *simpleDesc )
   \                     zclHA_Init:
     99          {
   \   000000                REQUIRE ?V0
   \   000000                REQUIRE ?V1
   \   000000   74F6         MOV     A,#-0xa
   \   000002   12....       LCALL   ?BANKED_ENTER_XDATA
   \   000005                ; Saved register size: 10
   \   000005                ; Auto size: 0
   \   000005   EA           MOV     A,R2
   \   000006   FE           MOV     R6,A
   \   000007   EB           MOV     A,R3
   \   000008   FF           MOV     R7,A
    100            endPointDesc_t *epDesc;
    101          
    102            // Register the application's endpoint descriptor
    103            //  - This memory is allocated and never freed.
    104            epDesc = osal_mem_alloc( sizeof ( endPointDesc_t ) );
   \   000009                ; Setup parameters for call to function osal_mem_alloc
   \   000009   7A06         MOV     R2,#0x6
   \   00000B   7B00         MOV     R3,#0x0
   \   00000D   12....       LCALL   `??osal_mem_alloc::?relay`; Banked call to: osal_mem_alloc
    105            if ( epDesc )
   \   000010   EA           MOV     A,R2
   \   000011   4B           ORL     A,R3
   \   000012   6022         JZ      ??zclHA_Init_0
    106            {
    107              // Fill out the endpoint description.
    108              epDesc->endPoint = simpleDesc->EndPoint;
   \   000014   8E82         MOV     DPL,R6
   \   000016   8F83         MOV     DPH,R7
   \   000018   E0           MOVX    A,@DPTR
   \   000019   8A82         MOV     DPL,R2
   \   00001B   8B83         MOV     DPH,R3
   \   00001D   F0           MOVX    @DPTR,A
    109              epDesc->task_id = &zcl_TaskID;   // all messages get sent to ZCL first
   \   00001E   A3           INC     DPTR
   \   00001F   74..         MOV     A,#zcl_TaskID & 0xff
   \   000021   F0           MOVX    @DPTR,A
   \   000022   A3           INC     DPTR
   \   000023   74..         MOV     A,#(zcl_TaskID >> 8) & 0xff
   \   000025   12....       LCALL   ?Subroutine0 & 0xFFFF
    110              epDesc->simpleDesc = simpleDesc;
   \                     ??CrossCallReturnLabel_0:
   \   000028   EE           MOV     A,R6
   \   000029   F0           MOVX    @DPTR,A
   \   00002A   A3           INC     DPTR
   \   00002B   EF           MOV     A,R7
   \   00002C   12....       LCALL   ?Subroutine0 & 0xFFFF
    111              epDesc->latencyReq = noLatencyReqs;
   \                     ??CrossCallReturnLabel_1:
   \   00002F   A3           INC     DPTR
   \   000030   A3           INC     DPTR
   \   000031   E4           CLR     A
   \   000032   F0           MOVX    @DPTR,A
    112          
    113              // Register the endpoint description with the AF
    114              afRegister( epDesc );
   \   000033                ; Setup parameters for call to function afRegister
   \   000033   12....       LCALL   `??afRegister::?relay`; Banked call to: afRegister
    115            }
    116          }
   \                     ??zclHA_Init_0:
   \   000036   7F02         MOV     R7,#0x2
   \   000038   02....       LJMP    ?BANKED_LEAVE_XDATA

   \                                 In  segment BANKED_CODE, align 1, keep-with-next
   \                     ?Subroutine0:
   \   000000   F0           MOVX    @DPTR,A
   \   000001   8A82         MOV     DPL,R2
   \   000003   8B83         MOV     DPH,R3
   \   000005   A3           INC     DPTR
   \   000006   A3           INC     DPTR
   \   000007   A3           INC     DPTR
   \   000008   22           RET

   \                                 In  segment BANK_RELAYS, align 1
   \                     `??zclHA_Init::?relay`:
   \   000000   12....       LCALL   ?BDISPATCH
   \   000003   ......       DC24    zclHA_Init
    117          
    118          /*********************************************************************
    119          *********************************************************************/

   Maximum stack usage in bytes:

   ISTACK XSTACK Function
   ------ ------ --------
      1     10   zclHA_Init
        0     10   -> afRegister
        0     10   -> osal_mem_alloc


   Segment part sizes:

   Bytes  Function/Label
   -----  --------------
       9  ?Subroutine0
      59  zclHA_Init
       6  zclHA_Init::?relay

 
 68 bytes in segment BANKED_CODE
  6 bytes in segment BANK_RELAYS
 
 74 bytes of CODE memory

Errors: none
Warnings: none
